radek
dodane
dośąćdane
